[sites.google.com/site/unblockedlair/index.html]
[backblue.gif]
[fade.gif]
[index.html]
[sites.google.com/site/unblockedlair/_/rsrc/1535057226015/favicon.gif]
[sites.google.com/site/unblockedlair/_/rsrc/1535057226015/config/app/images/customLogo/customLogo544b.gif]
[sites.google.com/site/unblockedlair/contact.html]
[sites.google.com/site/unblockedlair/Tank-Trouble.html]
[sites.google.com/site/unblockedlair/Happy-Wheels.html]
[sites.google.com/site/unblockedlair/shopping-cart-hero-3.html]
[sites.google.com/site/unblockedlair/roller-coaster-creator.html]
[sites.google.com/site/unblockedlair/super-mario-flash.html]
[sites.google.com/site/unblockedlair/snake.html]
[sites.google.com/site/unblockedlair/earn-to-die.html]
[sites.google.com/site/unblockedlair/potty-racers.html]
[sites.google.com/site/unblockedlair/potty-racers-2.html]
[sites.google.com/site/unblockedlair/potty-racers-3.html]
[sites.google.com/site/unblockedlair/bloons-tower-defense-5.html]
[sites.google.com/site/unblockedlair/gravity-guy.html]
[sites.google.com/site/unblockedlair/doodle-jump.html]
[sites.google.com/site/unblockedlair/home/learn-to-fly-1.html]
[sites.google.com/site/unblockedlair/learn-to-fly-2.html]
[sites.google.com/site/unblockedlair/sonic-smash-bros.html]
[sites.google.com/site/unblockedlair/super-smash-flash.html]
[sites.google.com/site/unblockedlair/super-mario-world.html]
[sites.google.com/site/unblockedlair/system/app/pages/sitemap/hierarchy.html]
[sites.google.com/site/unblockedlair/_/rsrc/1535059518508/home/fire_1f525.png]
[sites.google.com/site/unblockedlair/home/home-1.html]
[sites.google.com/site/unblockedlair/system/app/pages/recentChanges.html]
[sites.google.com/site/unblockedlair/system/app/pages/reportAbuse.html]
[sites.google.com/site/unblockedlair/_/tz.1d.delayed]
[sites.google.com/site/unblockedlair/index.html]
[sites.google.com/site/unblockedlair/_/rsrc/1535010250000/system/app/images/toolbar-check.gif]
[sites.google.com/site/unblockedlair/_/rsrc/1535010250000/system/app/images/icon-help-kennedy.png]
[sites.google.com/site/unblockedlair/_/rsrc/1535010250000/system/app/css/editor.css]
[sites.google.com/site/unblockedlair/_/rsrc/1535304555970/config/fire_1f525.png.1535304555922.png]
[sites.google.com/site/unblockedlair/_/rsrc/1535010250000/system/app/css/overlay0bfb.css]
[sites.google.com/site/unblockedlair/_/rsrc/1535010250000/system/app/images/camelot.png]
[sites.google.com/site/unblockedlair/_/rsrc/1535010250000/system/app/css/camelot/allthemes-view.css]
[sites.google.com/site/unblockedlair/home.html]
[sites.google.com/site/unblockedlair/_/rsrc/1535060427805/contact/smiling-face-with-horns_1f608.png]
[sites.google.com/site/unblockedlair/contact.html]
[sites.google.com/site/unblockedlair/Tank-Trouble.html]
[sites.google.com/site/unblockedlair/Happy-Wheels.html]
[sites.google.com/site/unblockedlair/shopping-cart-hero-3.html]
[sites.google.com/site/unblockedlair/roller-coaster-creator.html]
[sites.google.com/site/unblockedlair/super-mario-flash.html]
[sites.google.com/site/unblockedlair/snake.html]
[sites.google.com/site/unblockedlair/earn-to-die.html]
[sites.google.com/site/unblockedlair/potty-racers.html]
[sites.google.com/site/unblockedlair/potty-racers-2.html]
[sites.google.com/site/unblockedlair/potty-racers-3.html]
[sites.google.com/site/unblockedlair/bloons-tower-defense-5.html]
[sites.google.com/site/unblockedlair/gravity-guy.html]
[sites.google.com/site/unblockedlair/doodle-jump.html]
[sites.google.com/site/unblockedlair/home/learn-to-fly-1.html]
[sites.google.com/site/unblockedlair/learn-to-fly-2.html]
[sites.google.com/site/unblockedlair/sonic-smash-bros.html]
[sites.google.com/site/unblockedlair/super-smash-flash.html]
[sites.google.com/site/unblockedlair/super-mario-world.html]
[sites.google.com/site/unblockedlair/system.html]
[sites.google.com/site/unblockedlair/system/app.html]
[sites.google.com/site/unblockedlair/system/app/pages.html]
[sites.google.com/site/unblockedlair/system/app/pages/sitemap/hierarchy.html]
[sites.google.com/site/unblockedlair/home/home-1.html]
[sites.google.com/site/unblockedlair/system/app/pages/sitemap.html]
[sites.google.com/site/unblockedlair/activity.xml]
[sites.google.com/site/unblockedlair/system/app/pages/recentChanges.html]
[sites.google.com/site/unblockedlair/system/app/pages/recentChanges4c30.html]
[sites.google.com/site/unblockedlair/system/app/pages/reportAbuse.html]
[sites.google.com/site/unblockedlair/_/tz.html]
[sites.google.com/site/unblockedlair/home.html]
[sites.google.com/site/unblockedlair/system.html]
[sites.google.com/site/unblockedlair/system/app.html]
[sites.google.com/site/unblockedlair/system/app/pages.html]
[sites.google.com/site/unblockedlair/system/app/pages/sitemap.html]
[sites.google.com/site/unblockedlair/happy-wheels.2c6fb5.delayed]
[sites.google.com/site/unblockedlair/super-mario-world.2d6fb5.delayed]
[sites.google.com/site/unblockedlair/Super Smash Flash.2e6fb5.delayed]
[sites.google.com/site/unblockedlair/system/app/pages/recentChangese164.html]
[sites.google.com/site/unblockedlair/system/app/pages/recentChanges4c30.html]
[sites.google.com/site/unblockedlair/system/app/pages/recentChangesf13c.html]
[sites.google.com/site/unblockedlair/_/rsrc/1535010250000/system/app/images/spinner.gif]
[sites.google.com/site/unblockedlair/_/rsrc/1535010250000/system/app/css/camelot/dashboard.css]
[sites.google.com/site/unblockedlair/_/rsrc/1535010250000/system/app/css/camelot/error.css]
[sites.google.com/site/unblockedlair/Sonic_Smash_Bros.326fb5.delayed]
[sites.google.com/site/unblockedlair/___________________coolmath-rotate-roll.swf.336fb5.delayed]
[sites.google.com/site/unblockedlair/___________earn-to-die-super-wheel.swf.346fb5.delayed]
[sites.google.com/site/unblockedlair/mario_flash2_by_legoman824-d98crd4.swf.356fb5.delayed]
[sites.google.com/site/unblockedlair/Hacked Happy Wheels.swf.366fb5.delayed]
[sites.google.com/site/unblockedlair/btd5.swf.376fb5.delayed]
[sites.google.com/site/unblockedlair/LearnToFly2.386fb5.delayed]
[sites.google.com/site/unblockedlair/LearnToFly.396fb5.delayed]
[sites.google.com/site/unblockedlair/happy-wheels-test.3a.delayed]
[sites.google.com/site/unblockedlair/system/app/pages/recentChangese164.html]
[sites.google.com/site/unblockedlair/system/app/pages/recentChangesf13c.html]
[sites.google.com/site/unblockedlair/___________________coolmath-rotate-roll.swf6fb5.html]
[sites.google.com/site/unblockedlair/___________earn-to-die-super-wheel.swf6fb5.html]
[sites.google.com/site/unblockedlair/mario_flash2_by_legoman824-d98crd4.swf6fb5.html]
[sites.google.com/site/unblockedlair/Hacked Happy Wheels.swf6fb5.html]
[sites.google.com/site/unblockedlair/btd5.swf6fb5.html]
[sites.google.com/site/unblockedlair/happy-wheels-test.html]
[sites.google.com/site/unblockedlair/system/app/pages/recentChanges79ee.html]
[sites.google.com/site/unblockedlair/Doodle Jump.3c6fb5.delayed]
[sites.google.com/site/unblockedlair/bloons-tower-defense-5.3d6fb5.delayed]
[sites.google.com/site/unblockedlair/gravity-guy-7508.3e6fb5.delayed]
[sites.google.com/site/unblockedlair/system/app/pages/recentChanges79ee.html]
[sites.google.com/site/unblockedlair/system/app/pages/recentChanges1206.html]
[sites.google.com/site/unblockedlair/home/1109911_1.406fb5.delayed]
[sites.google.com/site/unblockedlair/home/games.416fb5.delayed]
[sites.google.com/site/unblockedlair/Potty Racers.426fb5.delayed]
[sites.google.com/site/unblockedlair/Potty Racers 3.436fb5.delayed]
[sites.google.com/site/unblockedlair/Potty Racers 2.446fb5.delayed]
[sites.google.com/site/unblockedlair/system/app/pages/recentChanges1206.html]
[sites.google.com/site/unblockedlair/system/app/pages/recentChanges0e37.html]
[sites.google.com/site/unblockedlair/3d-stunt-pilot.46.delayed]
[sites.google.com/site/unblockedlair/pacman-flash.html]
[sites.google.com/site/unblockedlair/super-mario-flash-2.48.delayed]
[sites.google.com/site/unblockedlair/system/app/pages/recentChanges0e37.html]
[sites.google.com/site/unblockedlair/3d-stunt-pilot.html]
[sites.google.com/site/unblockedlair/pacman-flash.html]
[sites.google.com/site/unblockedlair/super-mario-flash-2.html]
[sites.google.com/site/unblockedlair/system/app/pages/recentChangesbb6e.html]
[sites.google.com/site/unblockedlair/____pacman-flash.4a6fb5.delayed]
[sites.google.com/site/unblockedlair/super_mario_flash_v3_0_by_valkarion7.4b6fb5.delayed]
[sites.google.com/site/unblockedlair/rotate-and-roll.4c.delayed]
[sites.google.com/site/unblockedlair/system/app/pages/recentChangesbb6e.html]
[sites.google.com/site/unblockedlair/rotate-and-roll.html]
[sites.google.com/site/unblockedlair/system/app/pages/recentChanges7880.html]
[sites.google.com/site/unblockedlair/______earn-to-die-2012.4e6fb5.delayed]
[sites.google.com/site/unblockedlair/______rollercoastercreator.4f6fb5.delayed]
[sites.google.com/site/unblockedlair/___________shopping_cart_hero_3.506fb5.delayed]
[sites.google.com/site/unblockedlair/_____snake.516fb5.delayed]
[sites.google.com/site/unblockedlair/___________happy_wheels.526fb5.delayed]
[sites.google.com/site/unblockedlair/_____impossiblequiz.536fb5.delayed]
[sites.google.com/site/unblockedlair/____iq-test-game.546fb5.delayed]
[sites.google.com/site/unblockedlair/tank_trouble.556fb5.delayed]
[sites.google.com/site/unblockedlair/___________3d-stunt-pilot.566fb5.delayed]
[sites.google.com/site/unblockedlair/Doom.html.576fb5.delayed]
[sites.google.com/site/unblockedlair/contact/smiling-face-with-horns_1f608.586fb5.delayed]
[sites.google.com/site/unblockedlair/system/app/pages/recentChanges7880.html]
[sites.google.com/site/unblockedlair/Doom.html6fb5.html]
[sites.google.com/site/unblockedlair/system/app/pages/recentChanges1902.html]
[sites.google.com/site/unblockedlair/contact/fire_1f525.5a6fb5.delayed]
[sites.google.com/site/unblockedlair/home/fire_1f525.5b6fb5.delayed]
[sites.google.com/site/unblockedlair/announcements.5c.delayed]
[sites.google.com/site/unblockedlair/announcements.1535057437608/announcements.gif.5d6fb5.delayed]
[sites.google.com/site/unblockedlair/announcements.1535057437608/companylunchtoday.5e.delayed]
[sites.google.com/site/unblockedlair/resources.1535057400593/resources.gif.5f6fb5.delayed]
[sites.google.com/site/unblockedlair/resources.60.delayed]
[sites.google.com/site/unblockedlair/contact.1535057382877/contact.gif.616fb5.delayed]
[sites.google.com/site/unblockedlair/contact.62.delayed]
[sites.google.com/site/unblockedlair/discussion.63.delayed]
[sites.google.com/site/unblockedlair/discussion.1535057348150/discussion.gif.646fb5.delayed]
[sites.google.com/site/unblockedlair/system/app/pages/recentChanges1902.html]
[sites.google.com/site/unblockedlair/announcements.html]
[sites.google.com/site/unblockedlair/announcements.1535057437608/announcements.gif6fb5.html]
[sites.google.com/site/unblockedlair/announcements.1535057437608/companylunchtoday.html]
[sites.google.com/site/unblockedlair/resources.1535057400593/resources.gif6fb5.html]
[sites.google.com/site/unblockedlair/resources.html]
[sites.google.com/site/unblockedlair/contact.1535057382877/contact.gif6fb5.html]
[sites.google.com/site/unblockedlair/contact-2.html]
[sites.google.com/site/unblockedlair/discussion.html]
[sites.google.com/site/unblockedlair/discussion.1535057348150/discussion.gif6fb5.html]
[sites.google.com/site/unblockedlair/system/app/pages/recentChangesbd62.html]
[sites.google.com/site/unblockedlair/discussion.1535057348150/faxmachine.66.delayed]
[sites.google.com/site/unblockedlair/directory.67.delayed]
[sites.google.com/site/unblockedlair/directory.1535057328189/directory.gif.686fb5.delayed]
[sites.google.com/site/unblockedlair/calendar.1535057305590/calendar.gif.696fb5.delayed]
[sites.google.com/site/unblockedlair/calendar.6a.delayed]
[sites.google.com/site/unblockedlair/documents.1535057279958/documents.gif.6b6fb5.delayed]
[sites.google.com/site/unblockedlair/documents.6c.delayed]
[sites.google.com/site/unblockedlair/system/app/pages/recentChangesbd62.html]
[sites.google.com/site/unblockedlair/discussion.1535057348150/faxmachine.html]
[sites.google.com/site/unblockedlair/directory.html]
[sites.google.com/site/unblockedlair/directory.1535057328189/directory.gif6fb5.html]
[sites.google.com/site/unblockedlair/calendar.1535057305590/calendar.gif6fb5.html]
[sites.google.com/site/unblockedlair/calendar.html]
[sites.google.com/site/unblockedlair/documents.1535057279958/documents.gif6fb5.html]
[sites.google.com/site/unblockedlair/documents.html]
